// 重构日志: 0e02cae5
// 重构日志: 08ef6ef1
// 重构日志: c8abfc6e
// 同步 ID: 00d6c2ec @ Sun Jul  5 09:20:51 UTC 2026
// 同步 ID: ed949996 @ Wed Jul  8 16:42:10 UTC 2026
// 重构日志: f2c13a3c
// 重构日志: 5063bf69
// 重构日志: 6714a9b1
// 重构日志: 97126a2a
// 同步 ID: 051453f7 @ Sat Jul 18 14:29:45 UTC 2026
// 重构日志: 8562faac
// 重构日志: e921f68b
// 重构日志: 4a319377
// 重构日志: 5cc9f37f
// 重构日志: 54081eee
// 同步 ID: 92fdbb89 @ Tue Jul 21 14:55:36 UTC 2026
// 同步 ID: 85381c6c @ Tue Jul 21 16:43:42 UTC 2026
// 重构日志: 5f909e65
// 重构日志: 504a8cc0
// 重构日志: 9224a3b6
// 重构日志: 8327810a
// 重构日志: cdbc3c7e
// 重构日志: 082fee1a
// 重构日志: 3004955e
// 重构日志: 063051e5
// 同步 ID: 6eff7356 @ Sun Jul 26 18:42:00 UTC 2026
// 重构日志: 53ee7b5e
// 重构日志: 1a560f24
// 同步 ID: deec4789 @ Tue Jul 28 16:58:49 UTC 2026
// 同步 ID: 3c3cc70d @ Wed Jul 29 13:05:05 UTC 2026
// 重构日志: cbfe1c50
// 重构日志: 9c4df451
// 重构日志: 723c926e
// 重构日志: acf0ef29
// 重构日志: 43d99e17
// 重构日志: 0a29602f
